= Start
@ ./test:[0x804849e] + 0x8bb6378 0x4
@ ./test:[0x80484ae] + 0x8bb6388 0x4
@ ./test:[0x8048607] + 0x8bb6398 0x8
@ ./test:[0x8048607] + 0x8bb63a8 0x8
@ ./test:[0x8048607] + 0x8bb63b8 0x8
@ ./test:[0x8048607] + 0x8bb63c8 0x8
@ ./test:[0x80485b0] - 0x8bb6378
